// Jest Snapshot v1, https://goo.gl/fbAQLP

exports[`TextWidget schema integer type as string 1`] = `
<div
  className="MuiFormControl-root MuiTextField-root"
  multiple={false}
>
  <label
    className="MuiFormLabel-root MuiInputLabel-root MuiInputLabel-formControl MuiInputLabel-animated MuiInputLabel-shrink Mui-error Mui-error MuiFormLabel-filled"
    data-shrink={true}
    htmlFor="id"
    id="id-label"
  >
    test
  </label>
  <div
    className="MuiInputBase-root MuiInput-root MuiInput-underline Mui-error Mui-error MuiInputBase-formControl MuiInput-formControl"
    onClick={[Function]}
  >
    <input
      aria-invalid={true}
      autoFocus={false}
      className="MuiInputBase-input MuiInput-input"
      disabled={false}
      id="id"
      onAnimationStart={[Function]}
      onBlur={[Function]}
      onChange={[Function]}
      onFocus={[Function]}
      required={false}
      type="text"
      value="value"
    />
  </div>
</div>
`;
